测试执行超时（>30s）: Command '['/Users/wangchenyu/Workspace/AITester/.venv/bin/python', '-m', 'pytest', '/var/folders/pj/frxc6s715_x9x19hkk6pj2nh0000gn/T/aitester_sandbox_2dcsf6o2/test_generated.py', '-v', '--tb=short', '--cov=/var/folders/pj/frxc6s715_x9x19hkk6pj2nh0000gn/T/aitester_sandbox_2dcsf6o2', '--cov-report=term', '-k', 'bitcount']' timed out after 30 seconds
O3 branch 测量超时（>20s），降级 None
P0 源码补丁证据门：本轮补丁证据等级=none（不足 gold/sbfl），已恢复原文件（拒绝写盘，patch_applied=False）
测试执行超时（>30s）: Command '['/Users/wangchenyu/Workspace/AITester/.venv/bin/python', '-m', 'pytest', '/var/folders/pj/frxc6s715_x9x19hkk6pj2nh0000gn/T/aitester_sandbox_gwoy7509/test_generated.py', '-v', '--tb=short', '--cov=/var/folders/pj/frxc6s715_x9x19hkk6pj2nh0000gn/T/aitester_sandbox_gwoy7509', '--cov-report=term', '-k', 'bitcount']' timed out after 30 seconds
O3 branch 测量超时（>20s），降级 None
P0 源码补丁证据门：本轮补丁证据等级=none（不足 gold/sbfl），已恢复原文件（拒绝写盘，patch_applied=False）
测试执行超时（>30s）: Command '['/Users/wangchenyu/Workspace/AITester/.venv/bin/python', '-m', 'pytest', '/var/folders/pj/frxc6s715_x9x19hkk6pj2nh0000gn/T/aitester_sandbox_compib8j/test_generated.py', '-v', '--tb=short', '--cov=/var/folders/pj/frxc6s715_x9x19hkk6pj2nh0000gn/T/aitester_sandbox_compib8j', '--cov-report=term', '-k', 'bitcount']' timed out after 30 seconds
O3 branch 测量超时（>20s），降级 None
  quixbugs__bitcount: detection=0.0 repair=1.0 198s
第 1 次执行失败，尝试重试...
第 2 次执行失败，尝试重试...
  quixbugs__breadth_first_search: detection=0.0 repair=1.0 33s
第 1 次执行失败，尝试重试...
第 2 次执行失败，尝试重试...
第 1 次执行失败，尝试重试...
第 2 次执行失败，尝试重试...
P0 源码补丁证据门：本轮补丁证据等级=none（不足 gold/sbfl），已恢复原文件（拒绝写盘，patch_applied=False）
第 1 次执行失败，尝试重试...
第 2 次执行失败，尝试重试...
P0 源码补丁证据门：本轮补丁证据等级=none（不足 gold/sbfl），已恢复原文件（拒绝写盘，patch_applied=False）
第 1 次执行失败，尝试重试...
第 2 次执行失败，尝试重试...
  quixbugs__breadth_first_search_test: detection=None repair=None 31s
第 1 次执行失败，尝试重试...
第 2 次执行失败，尝试重试...
A-03 P2P 回归失败（rc=1），自动回滚补丁（snapshot=8c089673a084）
A-03 P2P 回归失败，补丁已自动回滚（verdict=regression_failed, snapshot=8c089673a084, disk_restored=True）
第 1 次执行失败，尝试重试...
第 2 次执行失败，尝试重试...
A-03 P2P 回归失败（rc=1），自动回滚补丁（snapshot=8c089673a084）
A-03 P2P 回归失败，补丁已自动回滚（verdict=regression_failed, snapshot=8c089673a084, disk_restored=True）
第 1 次执行失败，尝试重试...
第 2 次执行失败，尝试重试...
A-03 P2P 回归失败（rc=1），自动回滚补丁（snapshot=8c089673a084）
A-03 P2P 回归失败，补丁已自动回滚（verdict=regression_failed, snapshot=8c089673a084, disk_restored=True）
第 1 次执行失败，尝试重试...
第 2 次执行失败，尝试重试...
  quixbugs__bucketsort: detection=0.0 repair=1.0 42s
第 1 次执行失败，尝试重试...
第 2 次执行失败，尝试重试...
  quixbugs__depth_first_search: detection=0.0 repair=1.0 27s

5 任务总用时 331s
显著结论：端到端未挂死，逐任务结果已落盘 ✅
